exports[`test renders correctly 1`] = `
<div
  className={undefined}>
  <div
    className={undefined}>
    <a
      onClick={[Function]}
      style={Object {}}>
      <div />
      <h1>
        Collections
      </h1>
    </a>
    <div
      className={undefined}>
      <div>
        <a
          onClick={[Function]}
          style={Object {}}>
          Design
        </a>
      </div>
      <div>
        <a
          onClick={[Function]}
          style={Object {}}>
          Frontend
        </a>
      </div>
      <div>
        <a
          onClick={[Function]}
          style={Object {}}>
          Strategy
        </a>
      </div>
    </div>
  </div>
  <button
    className=" "
    onClick={[Function]}>
    <div>
      <label
        className={undefined}
        htmlFor="text">
        Add Collection
      </label>
    </div>
  </button>
</div>
`;
