exports[`test renders correctly 1`] = `
<nav
  className="cDWxDu">
  <div
    className="jvngIl">
    <img
      alt="team logo"
      className="cPvMma"
      src="test-file-stub" />
    <h1
      className="jUOHnK">
      Clai
    </h1>
  </div>
  <section
    className="dYOurd">
    <a
      className="hqoBfH"
      onClick={[Function]}
      style={Object {}}>
      <teamStats />
      <h1>
        Home
      </h1>
    </a>
    <a
      className="hqoBfH"
      onClick={[Function]}
      style={Object {}}>
      <div />
      <h1>
        Collections
      </h1>
    </a>
    <a
      className="hqoBfH"
      onClick={[Function]}
      style={Object {}}>
      <div />
      <h1>
        Scoreboards
      </h1>
    </a>
    <a
      className="hqoBfH"
      onClick={[Function]}
      style={Object {}}>
      <div />
      <h1>
        Toolset
      </h1>
    </a>
  </section>
</nav>
`;
