exports[`test renders correctly 1`] = `
<div
  className="kFXINv">
  <nav
    className="iBrQER">
    <div
      className="epePFJ">
      <div
        className="iefG">
        <div>
          <button
            className="bBPMRg"
            onClick={[Function]}
            type={null}>
            Add label
          </button>
        </div>
        <button
          className="iZsHgX"
          onClick={[Function]}
          type="primary">
          Save card
        </button>
      </div>
      <button
        className="iCZyJl"
        onClick={[Function]}
        type={null}>
        Comments
      </button>
      <button
        className="iCZyJl"
        onClick={[Function]}
        type={null}>
        X
      </button>
    </div>
  </nav>
  <section
    className="eqsUgR">
    <div
      className="cFuTfS">
      <div
        className="bycdYO"
        onClick={[Function]}>
        <div
          className="hSmQAk">
          <div
            className="DraftEditor-root">
            <div
              className="public-DraftEditorPlaceholder-root">
              <div
                className="public-DraftEditorPlaceholder-inner"
                id="placeholder-4j80e">
                write something
              </div>
            </div>
            <div
              className="DraftEditor-editorContainer">
              <div
                aria-activedescendant={undefined}
                aria-autocomplete={undefined}
                aria-describedby="placeholder-4j80e"
                aria-expanded={undefined}
                aria-haspopup={undefined}
                aria-label={undefined}
                aria-owns={undefined}
                className="public-DraftEditor-content"
                contentEditable={true}
                data-testid={undefined}
                onBeforeInput={[Function]}
                onBlur={[Function]}
                onCompositionEnd={[Function]}
                onCompositionStart={[Function]}
                onCopy={[Function]}
                onCut={[Function]}
                onDragEnd={[Function]}
                onDragEnter={[Function]}
                onDragLeave={[Function]}
                onDragOver={[Function]}
                onDragStart={[Function]}
                onDrop={[Function]}
                onFocus={[Function]}
                onInput={[Function]}
                onKeyDown={[Function]}
                onKeyPress={[Function]}
                onKeyUp={[Function]}
                onMouseUp={[Function]}
                onPaste={[Function]}
                onSelect={[Function]}
                role="textbox"
                spellCheck={true}
                style={
                  Object {
                    "outline": "none",
                    "whiteSpace": "pre-wrap",
                    "wordWrap": "break-word",
                  }
                }
                suppressContentEditableWarning={true}
                tabIndex={undefined}>
                <div
                  data-contents="true">
                  <div
                    className=""
                    data-block={true}
                    data-editor="4j80e"
                    data-offset-key="dene-0-0">
                    <div
                      className="public-DraftStyleDefault-block public-DraftStyleDefault-ltr"
                      data-offset-key="dene-0-0">
                      <span
                        data-offset-key="dene-0-0"
                        style={Object {}}>
                        <br
                          data-text="true" />
                      </span>
                    </div>
                  </div>
                </div>
              </div>
            </div>
          </div>
          <input
            accept="image/*"
            onChange={[Function]}
            style={
              Object {
                "display": "none",
              }
            }
            type="file" />
        </div>
      </div>
    </div>
  </section>
</div>
`;
