exports[`test renders correctly 1`] = `
<div>
  <div
    className="gPCoSX">
    Add label:
  </div>
  <div
    className="HUcDL">
    <div
      className="kTlHyk">
      No labels...
    </div>
  </div>
  <section
    className="jtCoML">
    <div
      onClick={[Function]}>
      Create a new label
    </div>
  </section>
</div>
`;
