// Jest Snapshot v1, https://goo.gl/fbAQLP

exports[`renders correctly 1`] = `
<div>
  <div
    className="gPCoSX"
  >
    Add label:
  </div>
  <div
    className="HUcDL"
  >
    <div
      className="iMrCHs"
    >
      Your team has not created any labels in this collection. Create your first label below.
    </div>
  </div>
  <section
    className="klaXgU"
  >
    <div
      onClick={[Function]}
    >
      Create a new label
    </div>
  </section>
</div>
`;
