exports[`test renders correctly 1`] = `
<div>
  <section
    className="llBzlB">
    Add label:
  </section>
  <section
    className="llBzlB">
    <section
      className="FPhLq">
      No labels...
    </section>
  </section>
  <section
    className="cDxvmS">
    <button
      className="cCNbVN"
      onClick={[Function]}>
      Create a new label
    </button>
  </section>
</div>
`;
