exports[`test renders correctly 1`] = `
<div
  className={undefined}>
  <div
    className={undefined}>
    <header>
      <h3>
        CREATE LABEL
      </h3>
    </header>
    <div
      className={undefined}>
      <div
        className={undefined}>
        <input
          onChange={[Function]}
          placeholder={null}
          type="text"
          value="" />
        <span
          className={undefined} />
        <span
          className={undefined} />
        <label
          htmlFor="input">
          NAME
        </label>
      </div>
    </div>
    <div
      className={undefined}>
      <h5>
        SELECT COLOR: 
      </h5>
      <div
        className={undefined}>
        <div
          className={undefined}
          onClick={[Function]}
          style={
            Object {
              "backgroundColor": "#0aa5ea",
              "border": "2px solid #000",
            }
          } />
        <div
          className={undefined}
          onClick={[Function]}
          style={
            Object {
              "backgroundColor": "#f9b74b",
              "border": null,
            }
          } />
        <div
          className={undefined}
          onClick={[Function]}
          style={
            Object {
              "backgroundColor": "#ea8465",
              "border": null,
            }
          } />
        <div
          className={undefined}
          onClick={[Function]}
          style={
            Object {
              "backgroundColor": "#58c674",
              "border": null,
            }
          } />
        <div
          className={undefined}
          onClick={[Function]}
          style={
            Object {
              "backgroundColor": "#b2668c",
              "border": null,
            }
          } />
      </div>
    </div>
    <button
      className=" "
      onClick={[Function]}>
      <div>
        <label
          className={undefined}
          htmlFor="text">
          CREATE
        </label>
      </div>
    </button>
  </div>
</div>
`;
