// Jest Snapshot v1, https://goo.gl/fbAQLP

exports[`renders correctly 1`] = `
<section
  className="gmuKOB"
>
  <div
    className="khSIyb"
  >
    <h1>
      Create Account
    </h1>
    <div>
      <div>
        <h5
          className="jIUOlj"
        >
          Name
        </h5>
        <input
          className="denvxK"
          onChange={[Function]}
          onKeyDown={null}
          placeholder="Name"
          type="name"
          value=""
        />
      </div>
      <div>
        <h5
          className="jIUOlj"
        >
          Email
        </h5>
        <input
          className="denvxK"
          onChange={[Function]}
          onKeyDown={null}
          placeholder="Email"
          type="email"
          value=""
        />
      </div>
      <div>
        <h5
          className="jIUOlj"
        >
          Password
        </h5>
        <input
          className="denvxK"
          onChange={[Function]}
          onKeyDown={null}
          placeholder="Password"
          type="password"
          value=""
        />
      </div>
    </div>
    <div>
      <button
        className="leFGPx"
        onClick={[Function]}
      >
        Create
      </button>
    </div>
    <div />
  </div>
  <div
    className="lbNTMF"
  >
    <p>
      Already have a user? 
      <a
        onClick={[Function]}
        style={Object {}}
      >
        Sign in!
      </a>
    </p>
  </div>
</section>
`;
