exports[`test renders correctly 1`] = `
<div
  className={undefined}>
  <div
    className={undefined}>
    <h1>
      Create Account
    </h1>
    <div
      className={undefined}>
      <div
        className={undefined}>
        <input
          onChange={[Function]}
          placeholder="Name"
          type="name"
          value="" />
      </div>
      <div
        className={undefined}>
        <input
          onChange={[Function]}
          placeholder="Email"
          type="email"
          value="" />
      </div>
      <div
        className={undefined}>
        <input
          onChange={[Function]}
          placeholder="Password"
          type="password"
          value="" />
      </div>
    </div>
    <div
      className={undefined}>
      <button
        className="iAecad"
        onClick={[Function]}>
        Login
      </button>
      <button
        className="iAecad"
        onClick={[Function]}>
        Create Account
      </button>
    </div>
    <div
      className={undefined} />
  </div>
</div>
`;
