exports[`test renders TopNav 1`] = `
<nav
  className={undefined}>
  <div
    className={undefined}>
    <img
      alt="logo"
      src="test-file-stub" />
  </div>
  <div
    className={undefined}>
    <a
      onClick={[Function]}
      style={Object {}}>
      TEAMS
    </a>
    <a
      className={undefined}
      onClick={[Function]}
      style={Object {}}>
      <div
        className={undefined}>
        <img
          alt="profile"
          src="//style.anu.edu.au/_anu/4/images/placeholders/person.png" />
      </div>
    </a>
  </div>
</nav>
`;
