// Jest Snapshot v1, https://goo.gl/fbAQLP

exports[`renders correctly 1`] = `
<div
  className={undefined}
>
  <div
    className={undefined}
  >
    <img
      alt="profile cover"
      src={null}
    />
  </div>
  <div
    className={undefined}
  >
    <div
      className={undefined}
    />
    <a
      onClick={[Function]}
      style={Object {}}
    >
      Overview
    </a>
    <a
      onClick={[Function]}
      style={Object {}}
    >
      Insights
    </a>
  </div>
  <div
    className={undefined}
  >
    <div
      className={undefined}
    >
      <h1>
        mark
      </h1>
      <h2>
        mark
      </h2>
    </div>
  </div>
</div>
`;
