exports[`test renders correctly 1`] = `
<div
  className={undefined}>
  <div
    className={undefined}>
    <h3>
      Description
    </h3>
    <button
      className=" "
      onClick={[Function]}>
      <div>
        <label
          className={undefined}
          htmlFor="text">
          Edit
        </label>
      </div>
    </button>
  </div>
  <p class=\"md-block-unstyled\"><br/></p>
</div>
`;
