exports[`test renders UserProfile 1`] = `
<div
  className={undefined}>
  <header>
    <div
      className={undefined}>
      <div
        className={undefined}>
        <div
          className={undefined}>
          <img
            alt="profile"
            src={null} />
        </div>
      </div>
      <div
        className={undefined} />
    </div>
  </header>
</div>
`;
