exports[`test renders UserProfile 1`] = `
<div
  className={undefined}>
  <header>
    <div
      className={undefined}>
      <div
        className={undefined}>
        <div
          className={undefined}>
          <img
            alt="profile"
            src={null} />
        </div>
      </div>
      <h1>
        PERSONAL INSIGHTS
      </h1>
      <h3>
        Compare with:
      </h3>
      <div
        className={undefined} />
      <div
        className={undefined}>
        <div
          className={undefined} />
      </div>
    </div>
  </header>
</div>
`;
