// Jest Snapshot v1, https://goo.gl/fbAQLP

exports[`renders correctly 1`] = `
ShallowWrapper {
  "complexSelector": ComplexSelector {
    "buildPredicate": [Function],
    "childrenOfNode": [Function],
    "findWhereUnwrapped": [Function],
  },
  "length": 1,
  "node": <styled.section>
    <styled.div>
        <styled.div>
            Comments
            <span
                onClick={undefined}
            >
                ×
            </span>
        </styled.div>
        <styled.div>
            <styled.div>
                <Empty />
            </styled.div>
            <div
                style={
                    Object {
                        "clear": "both",
                        "float": "left",
                      }
                }
            />
        </styled.div>
    </styled.div>
    <styled.div>
        <CommentBox
            createComment={[Function]}
            creator={null}
        />
    </styled.div>
</styled.section>,
  "nodes": Array [
    <styled.section>
      <styled.div>
            <styled.div>
                  Comments
                  <span
                        onClick={undefined}
                  >
                        ×
                  </span>
            </styled.div>
            <styled.div>
                  <styled.div>
                        <Empty />
                  </styled.div>
                  <div
                        style={
                              Object {
                                    "clear": "both",
                                    "float": "left",
                                  }
                        }
                  />
            </styled.div>
      </styled.div>
      <styled.div>
            <CommentBox
                  createComment={[Function]}
                  creator={null}
            />
      </styled.div>
</styled.section>,
  ],
  "options": Object {},
  "renderer": ReactShallowRenderer {
    "_instance": ShallowComponentWrapper {
      "_calledComponentWillUnmount": false,
      "_compositeType": 0,
      "_context": Object {},
      "_currentElement": <_class
        comments={Array []}
        create={[Function]}
        creator={null}
        failedComment={null}
/>,
      "_debugID": 1,
      "_hostContainerInfo": null,
      "_hostParent": null,
      "_instance": _class {
        "_reactInternalInstance": [Circular],
        "closeComments": [Function],
        "context": Object {},
        "props": Object {
          "comments": Array [],
          "create": [Function],
          "creator": null,
          "failedComment": null,
        },
        "refs": Object {},
        "scrollToBottom": [Function],
        "state": null,
        "updater": Object {
          "enqueueCallback": [Function],
          "enqueueCallbackInternal": [Function],
          "enqueueElementInternal": [Function],
          "enqueueForceUpdate": [Function],
          "enqueueReplaceState": [Function],
          "enqueueSetState": [Function],
          "isMounted": [Function],
          "validateCallback": [Function],
        },
      },
      "_mountOrder": 1,
      "_pendingCallbacks": null,
      "_pendingElement": null,
      "_pendingForceUpdate": false,
      "_pendingReplaceState": false,
      "_pendingStateQueue": null,
      "_renderedComponent": NoopInternalComponent {
        "_currentElement": <styled.section>
          <styled.div>
                    <styled.div>
                              Comments
                              <span
                                        onClick={undefined}
                              >
                                        ×
                              </span>
                    </styled.div>
                    <styled.div>
                              <styled.div>
                                        <Empty />
                              </styled.div>
                              <div
                                        style={
                                                  Object {
                                                            "clear": "both",
                                                            "float": "left",
                                                          }
                                        }
                              />
                    </styled.div>
          </styled.div>
          <styled.div>
                    <CommentBox
                              createComment={[Function]}
                              creator={null}
                    />
          </styled.div>
</styled.section>,
        "_debugID": 2,
        "_renderedOutput": <styled.section>
          <styled.div>
                    <styled.div>
                              Comments
                              <span
                                        onClick={undefined}
                              >
                                        ×
                              </span>
                    </styled.div>
                    <styled.div>
                              <styled.div>
                                        <Empty />
                              </styled.div>
                              <div
                                        style={
                                                  Object {
                                                            "clear": "both",
                                                            "float": "left",
                                                          }
                                        }
                              />
                    </styled.div>
          </styled.div>
          <styled.div>
                    <CommentBox
                              createComment={[Function]}
                              creator={null}
                    />
          </styled.div>
</styled.section>,
      },
      "_renderedNodeType": 1,
      "_rootNodeID": 0,
      "_topLevelWrapper": null,
      "_updateBatchNumber": null,
      "_warnedAboutRefsInRender": false,
    },
    "getRenderOutput": [Function],
    "render": [Function],
  },
  "root": [Circular],
  "unrendered": <_class
    comments={Array []}
    create={[Function]}
    creator={null}
    failedComment={null}
/>,
}
`;
