// Jest Snapshot v1, https://goo.gl/fbAQLP

exports[`renders correctly 1`] = `
ShallowWrapper {
  "complexSelector": ComplexSelector {
    "buildPredicate": [Function],
    "childrenOfNode": [Function],
    "findWhereUnwrapped": [Function],
  },
  "length": 1,
  "node": <styled.section>
    <h1>
        Account
    </h1>
    <styled.div>
        <Input
            notValid={false}
            onChange={[Function]}
            onKeyDown={null}
            placeholder={null}
            title="Password"
            type="password"
            value=""
        />
        <h5>
            Enter your current password.
        </h5>
    </styled.div>
    <styled.div>
        <Input
            notValid={false}
            onChange={[Function]}
            onKeyDown={null}
            placeholder={null}
            title="New password"
            type="password"
            value=""
        />
        <h5>
            Create a strong new password to avoid trolls taking over your team.
        </h5>
    </styled.div>
    <styled.div>
        <Input
            notValid={false}
            onChange={[Function]}
            onKeyDown={null}
            placeholder={null}
            title="Confirm password"
            type="password"
            value=""
        />
        <h5>
            Confirm your new password.
        </h5>
    </styled.div>
    <styled.div />
    <styled.div>
        <Unknown
            onClick={[Function]}
            text="Save"
            type="primary"
        />
    </styled.div>
</styled.section>,
  "nodes": Array [
    <styled.section>
      <h1>
            Account
      </h1>
      <styled.div>
            <Input
                  notValid={false}
                  onChange={[Function]}
                  onKeyDown={null}
                  placeholder={null}
                  title="Password"
                  type="password"
                  value=""
            />
            <h5>
                  Enter your current password.
            </h5>
      </styled.div>
      <styled.div>
            <Input
                  notValid={false}
                  onChange={[Function]}
                  onKeyDown={null}
                  placeholder={null}
                  title="New password"
                  type="password"
                  value=""
            />
            <h5>
                  Create a strong new password to avoid trolls taking over your team.
            </h5>
      </styled.div>
      <styled.div>
            <Input
                  notValid={false}
                  onChange={[Function]}
                  onKeyDown={null}
                  placeholder={null}
                  title="Confirm password"
                  type="password"
                  value=""
            />
            <h5>
                  Confirm your new password.
            </h5>
      </styled.div>
      <styled.div />
      <styled.div>
            <Unknown
                  onClick={[Function]}
                  text="Save"
                  type="primary"
            />
      </styled.div>
</styled.section>,
  ],
  "options": Object {},
  "renderer": ReactShallowRenderer {
    "_instance": ShallowComponentWrapper {
      "_calledComponentWillUnmount": false,
      "_compositeType": 0,
      "_context": Object {},
      "_currentElement": <SettingsAccount
        updatePassword={[Function]}
/>,
      "_debugID": 1,
      "_hostContainerInfo": null,
      "_hostParent": null,
      "_instance": SettingsAccount {
        "_reactInternalInstance": [Circular],
        "changeField": [Function],
        "context": Object {},
        "onSave": [Function],
        "props": Object {
          "updatePassword": [Function],
        },
        "refs": Object {},
        "state": Object {
          "confirmPassword": "",
          "errorField": null,
          "errorMessage": null,
          "isSaved": false,
          "newPassword": "",
          "password": "",
        },
        "updater": Object {
          "enqueueCallback": [Function],
          "enqueueCallbackInternal": [Function],
          "enqueueElementInternal": [Function],
          "enqueueForceUpdate": [Function],
          "enqueueReplaceState": [Function],
          "enqueueSetState": [Function],
          "isMounted": [Function],
          "validateCallback": [Function],
        },
      },
      "_mountOrder": 1,
      "_pendingCallbacks": null,
      "_pendingElement": null,
      "_pendingForceUpdate": false,
      "_pendingReplaceState": false,
      "_pendingStateQueue": null,
      "_renderedComponent": NoopInternalComponent {
        "_currentElement": <styled.section>
          <h1>
                    Account
          </h1>
          <styled.div>
                    <Input
                              notValid={false}
                              onChange={[Function]}
                              onKeyDown={null}
                              placeholder={null}
                              title="Password"
                              type="password"
                              value=""
                    />
                    <h5>
                              Enter your current password.
                    </h5>
          </styled.div>
          <styled.div>
                    <Input
                              notValid={false}
                              onChange={[Function]}
                              onKeyDown={null}
                              placeholder={null}
                              title="New password"
                              type="password"
                              value=""
                    />
                    <h5>
                              Create a strong new password to avoid trolls taking over your team.
                    </h5>
          </styled.div>
          <styled.div>
                    <Input
                              notValid={false}
                              onChange={[Function]}
                              onKeyDown={null}
                              placeholder={null}
                              title="Confirm password"
                              type="password"
                              value=""
                    />
                    <h5>
                              Confirm your new password.
                    </h5>
          </styled.div>
          <styled.div />
          <styled.div>
                    <Unknown
                              onClick={[Function]}
                              text="Save"
                              type="primary"
                    />
          </styled.div>
</styled.section>,
        "_debugID": 2,
        "_renderedOutput": <styled.section>
          <h1>
                    Account
          </h1>
          <styled.div>
                    <Input
                              notValid={false}
                              onChange={[Function]}
                              onKeyDown={null}
                              placeholder={null}
                              title="Password"
                              type="password"
                              value=""
                    />
                    <h5>
                              Enter your current password.
                    </h5>
          </styled.div>
          <styled.div>
                    <Input
                              notValid={false}
                              onChange={[Function]}
                              onKeyDown={null}
                              placeholder={null}
                              title="New password"
                              type="password"
                              value=""
                    />
                    <h5>
                              Create a strong new password to avoid trolls taking over your team.
                    </h5>
          </styled.div>
          <styled.div>
                    <Input
                              notValid={false}
                              onChange={[Function]}
                              onKeyDown={null}
                              placeholder={null}
                              title="Confirm password"
                              type="password"
                              value=""
                    />
                    <h5>
                              Confirm your new password.
                    </h5>
          </styled.div>
          <styled.div />
          <styled.div>
                    <Unknown
                              onClick={[Function]}
                              text="Save"
                              type="primary"
                    />
          </styled.div>
</styled.section>,
      },
      "_renderedNodeType": 1,
      "_rootNodeID": 0,
      "_topLevelWrapper": null,
      "_updateBatchNumber": null,
      "_warnedAboutRefsInRender": false,
    },
    "getRenderOutput": [Function],
    "render": [Function],
  },
  "root": [Circular],
  "unrendered": <SettingsAccount
    updatePassword={[Function]}
/>,
}
`;
