exports[`test renders correctly 1`] = `
ShallowWrapper {
  "complexSelector": ComplexSelector {
    "buildPredicate": [Function],
    "childrenOfNode": [Function],
    "findWhereUnwrapped": [Function],
  },
  "length": 1,
  "node": <div
    className={undefined}>
    <TopNav />
    <div
        className={undefined}>
        <div
            className={undefined}>
            <Description
                content={null}
                showEdit={null} />
        </div>
        <div
            className={undefined}>
            <div>
                STATS
            </div>
            <Button
                onClick={[Function]}
                text="Add Card"
                type="primary"
                value={null} />
        </div>
    </div>
</div>,
  "nodes": Array [
    <div
      className={undefined}>
      <TopNav />
      <div
            className={undefined}>
            <div
                  className={undefined}>
                  <Description
                        content={null}
                        showEdit={null} />
            </div>
            <div
                  className={undefined}>
                  <div>
                        STATS
                  </div>
                  <Button
                        onClick={[Function]}
                        text="Add Card"
                        type="primary"
                        value={null} />
            </div>
      </div>
</div>,
  ],
  "options": Object {},
  "renderer": ReactShallowRenderer {
    "_instance": ShallowComponentWrapper {
      "_calledComponentWillUnmount": false,
      "_compositeType": 0,
      "_context": Object {},
      "_currentElement": <CollectionDetail
        data={Object {}}
        params={Object {}}
        router={Object {}} />,
      "_debugID": 1,
      "_hostContainerInfo": null,
      "_hostParent": null,
      "_instance": CollectionDetail {
        "_reactInternalInstance": [Circular],
        "context": Object {},
        "props": Object {
          "data": Object {},
          "params": Object {},
          "router": Object {},
        },
        "refs": Object {},
        "renderCards": [Function],
        "state": Object {},
        "updater": Object {
          "enqueueCallback": [Function],
          "enqueueCallbackInternal": [Function],
          "enqueueElementInternal": [Function],
          "enqueueForceUpdate": [Function],
          "enqueueReplaceState": [Function],
          "enqueueSetState": [Function],
          "isMounted": [Function],
          "validateCallback": [Function],
        },
      },
      "_mountOrder": 1,
      "_pendingCallbacks": null,
      "_pendingElement": null,
      "_pendingForceUpdate": false,
      "_pendingReplaceState": false,
      "_pendingStateQueue": null,
      "_renderedComponent": NoopInternalComponent {
        "_currentElement": <div
          className={undefined}>
          <TopNav />
          <div
                    className={undefined}>
                    <div
                              className={undefined}>
                              <Description
                                        content={null}
                                        showEdit={null} />
                    </div>
                    <div
                              className={undefined}>
                              <div>
                                        STATS
                              </div>
                              <Button
                                        onClick={[Function]}
                                        text="Add Card"
                                        type="primary"
                                        value={null} />
                    </div>
          </div>
</div>,
        "_debugID": 2,
        "_renderedOutput": <div
          className={undefined}>
          <TopNav />
          <div
                    className={undefined}>
                    <div
                              className={undefined}>
                              <Description
                                        content={null}
                                        showEdit={null} />
                    </div>
                    <div
                              className={undefined}>
                              <div>
                                        STATS
                              </div>
                              <Button
                                        onClick={[Function]}
                                        text="Add Card"
                                        type="primary"
                                        value={null} />
                    </div>
          </div>
</div>,
      },
      "_renderedNodeType": 0,
      "_rootNodeID": 0,
      "_topLevelWrapper": null,
      "_updateBatchNumber": null,
      "_warnedAboutRefsInRender": false,
    },
    "getRenderOutput": [Function],
    "render": [Function],
  },
  "root": [Circular],
  "unrendered": <CollectionDetail
    data={Object {}}
    params={Object {}}
    router={Object {}} />,
}
`;
