exports[`test renders correctly 1`] = `
<div
  className={undefined}>
  <div
    className={undefined}>
    <div
      className={undefined}>
      <a
        onClick={[Function]}
        style={Object {}}>
        <div />
        <h1>
          Collections
        </h1>
      </a>
      <div
        className={undefined}>
        <div>
          <a
            onClick={[Function]}
            style={Object {}}>
            Design
          </a>
        </div>
        <div>
          <a
            onClick={[Function]}
            style={Object {}}>
            Frontend
          </a>
        </div>
        <div>
          <a
            onClick={[Function]}
            style={Object {}}>
            Strategy
          </a>
        </div>
      </div>
    </div>
    <button
      className=" "
      onClick={[Function]}>
      <div>
        <label
          className={undefined}
          htmlFor="text">
          Add Collection
        </label>
      </div>
    </button>
  </div>
  <div
    className={undefined}>
    <nav
      className={undefined}>
      <div
        className={undefined} />
      <div
        className={undefined}>
        <a
          className={undefined}
          onClick={[Function]}
          style={Object {}}>
          <div
            className={undefined}>
            <img
              alt="profile"
              src="//style.anu.edu.au/_anu/4/images/placeholders/person.png" />
          </div>
        </a>
      </div>
    </nav>
  </div>
</div>
`;
