exports[`test renders correctly 1`] = `
<div
  className={undefined}>
  <div
    className={undefined}>
    <h1>
      Login
    </h1>
    <div
      className={undefined}>
      <div
        className={undefined}>
        <input
          onChange={[Function]}
          placeholder="Email"
          type="email"
          value="" />
      </div>
      <div
        className={undefined}>
        <input
          onChange={[Function]}
          placeholder="Password"
          type="password"
          value="" />
      </div>
    </div>
    <div
      className={undefined}>
      <button
        className=" "
        onClick={[Function]}>
        <div>
          <label
            className={undefined}
            htmlFor="text">
            Create Account
          </label>
        </div>
      </button>
      <button
        className=" "
        onClick={[Function]}>
        <div>
          <label
            className={undefined}
            htmlFor="text">
            Login
          </label>
        </div>
      </button>
    </div>
    <div
      className={undefined} />
  </div>
</div>
`;
