// Jest Snapshot v1, https://goo.gl/fbAQLP

exports[`renders correctly 1`] = `
<section
  className="FlxLp"
>
  <div
    className="iyHTQd"
  >
    <div
      className="lipyYZ"
    >
      <h1>
        Add/Edit collection
      </h1>
      <button
        className="kHDlwp"
        onClick={[Function]}
      >
        ×
      </button>
    </div>
    <div
      className="ccsGoR"
    >
      <div
        className="iqsjO"
      >
        Collections are where your team share posts around a specific topic - like ‘Development’ or ‘Design’.
      </div>
      <div
        className="INVCQ"
      >
        <div
          className="dzHKlq"
        >
          Name
        </div>
        <div>
          <h5
            className="jIUOlj"
          />
          <input
            className="denvxK"
            onChange={[Function]}
            onKeyDown={null}
            placeholder="Name your collection"
            type="text"
            value=""
          />
        </div>
        <div
          className="eIvltX"
        >
          Name your collection based on it's topic.
        </div>
      </div>
      <div
        className="INVCQ"
      >
        <div
          className="dzHKlq"
        >
          Description
        </div>
        <div>
          <h5
            className="eKaiQM"
          >
            
          </h5>
          <textarea
            className="fEVuwM"
            onChange={[Function]}
            placeholder="Add a description..."
            value=""
          />
        </div>
        <div
          className="eIvltX"
        >
          Describe the purpose of this collection.
        </div>
      </div>
    </div>
    <div
      className="gUgGzK"
    >
      <button
        className="ejLHww"
        onClick={[Function]}
        type="white"
      >
        Cancel
      </button>
      <button
        className="bIRvoV"
        onClick={[Function]}
        type="primary"
      >
        Save
      </button>
    </div>
  </div>
</section>
`;
