exports[`test renders correctly 1`] = `
<section
  className="bGtZFR">
  <div
    className="hsANYj">
    <div
      className="jqVAxc">
      <h1>
        Add/Edit collection: 
      </h1>
      <button
        className="gxoqIZ"
        onClick={[Function]}>
        ×
      </button>
    </div>
    <div
      className="lbvwyG">
      <div
        className="cAyAmI">
        <div />
        <input
          accept="image/*"
          onChange={[Function]}
          style={
            Object {
              "display": "none",
            }
          }
          type="file" />
        <button
          className="bBPMRg"
          onClick={[Function]}
          type={undefined}>
          Add Cover
        </button>
      </div>
      <div>
        <h5
          className="invXpW">
          NAME
        </h5>
        <input
          className="bwXyts"
          onChange={[Function]}
          onKeyDown={null}
          placeholder="Name"
          type="text"
          value="" />
      </div>
      <div>
        <h5
          className="eKaiQM">
          DESCRIPTION
        </h5>
        <textarea
          className="cVtAGf"
          onChange={[Function]}
          placeholder="Description"
          value="" />
      </div>
    </div>
    <div
      className="kKvTgr">
      <button
        className="bBPMRg"
        onClick={[Function]}
        type={undefined}>
        Cancel
      </button>
      <button
        className="iZsHgX"
        onClick={[Function]}
        type="primary">
        Save
      </button>
    </div>
  </div>
</section>
`;
