exports[`test renders correctly 1`] = `
<div
  className="gmuKOB">
  <section
    className="hmiMpl">
    <section
      className="fgNEUw">
      <div
        className="eXKdby">
        <h1>
          Collections
        </h1>
        <p>
          A collection of useful articles, work, notes & anything else needed to stimulate collective learning.
        </p>
        <div
          className="fdAREB">
          <div>
            <h3 />
            <h5>
              Collections
            </h5>
          </div>
        </div>
      </div>
      <div
        className="cWGcft">
        <button
          className="bIRvoV"
          onClick={[Function]}
          type="primary">
          + Add collection
        </button>
      </div>
    </section>
  </section>
  <div
    className="gVkhVA">
    <h2>
      Collections
    </h2>
    <img
      alt="empty state"
      src="test-file-stub" />
    <p>
      You haven’t created any collections yet. Create your first collection by hitting the button below.
    </p>
    <button
      className="hzsDdV"
      onClick={[Function]}
      type={undefined}>
      Create Collection
    </button>
  </div>
</div>
`;
