exports[`test renders correctly 1`] = `
<div
  className="gmuKOB">
  <section
    className="koLVdi">
    <div
      className="MZKGO">
      <h1>
        Collections
      </h1>
      <p>
        A collection of useful articles, work, notes & anything else needed to stimulate collective learning.
      </p>
    </div>
    <div
      className="cWGcft">
      <button
        className="iZsHgX"
        onClick={[Function]}
        type="primary">
        Add Collection
      </button>
    </div>
  </section>
  <div
    className="gVkhVA">
    <h2>
      Collections
    </h2>
    <img
      alt="empty state"
      src="test-file-stub" />
    <p>
      You haven’t created any collections yet. Create your first collection by hitting the button below.
    </p>
    <button
      className="bBPMRg"
      onClick={[Function]}
      type={undefined}>
      Create a card
    </button>
  </div>
</div>
`;
