exports[`test renders correctly 1`] = `
<nav
  className="bBJzMy">
  <div
    className="kgftmh">
    <a
      onClick={[Function]}
      style={Object {}}>
      <img
        alt="presentation"
        src="test-file-stub" />
      <img
        alt="presentation"
        src="test-file-stub" />
    </a>
  </div>
  <div
    className="iaCmgk" />
</nav>
`;
